
> the-mobb.com@0.1.0 build
> panda codegen && next build

🐼 warn [config] ⚠️ Invalid config:
- [tokens] Missing token: `colors.brand.greyLight` used in `theme.semanticTokens.colors.text.muted`

✔️ `styled-system/css`: the css function to author styles
✔️ `styled-system/tokens`: the css variables and js function to query your tokens
✔️ `styled-system/patterns`: functions to implement and apply common layout patterns
✔️ `styled-system/jsx`: styled jsx elements for react


▲ Next.js 16.1.6 (Turbopack)
- Environments: .env.local

  Creating an optimized production build ...
🐼 warn [config] ⚠️ Invalid config:
- [tokens] Missing token: `colors.brand.greyLight` used in `theme.semanticTokens.colors.text.muted`

🐼 info [hrtime] Extracted in (243.49ms)
✓ Compiled successfully in 13.6s
  Running TypeScript ...
Failed to compile.

./src/components/ui/v3/ActivePulsePanel.tsx:147:17
Type error: No overload matches this call.
  The last overload gave the following error.
    Object literal may only specify known properties, and 'WebkitBoxOrient' does not exist in type 'SystemStyleObject'.

[0m [90m 145 |[39m                 display[33m:[39m [32m"-webkit-box"[39m[33m,[39m
 [90m 146 |[39m                 [33mWebkitLineClamp[39m[33m:[39m [32m"2"[39m[33m,[39m
[31m[1m>[22m[39m[90m 147 |[39m                 [33mWebkitBoxOrient[39m[33m:[39m [32m"vertical"[39m[33m,[39m
 [90m     |[39m                 [31m[1m^[22m[39m
 [90m 148 |[39m                 overflow[33m:[39m [32m"hidden"[39m[33m,[39m
 [90m 149 |[39m                 _groupHover[33m:[39m {
 [90m 150 |[39m                   color[33m:[39m [32m"brand.glow"[39m[33m,[39m[0m
Next.js build worker exited with code: 1 and signal: null
