
> the-mobb.com@0.1.0 build
> panda codegen && next build

🐼 warn [config] ⚠️ Invalid config:
- [tokens] Missing token: `colors.brand.greyLight` used in `theme.semanticTokens.colors.text.muted`

✔️ `styled-system/css`: the css function to author styles
✔️ `styled-system/tokens`: the css variables and js function to query your tokens
✔️ `styled-system/patterns`: functions to implement and apply common layout patterns
✔️ `styled-system/jsx`: styled jsx elements for react


▲ Next.js 16.1.6 (Turbopack)
- Environments: .env.local

  Creating an optimized production build ...
🐼 warn [config] ⚠️ Invalid config:
- [tokens] Missing token: `colors.brand.greyLight` used in `theme.semanticTokens.colors.text.muted`

🐼 info [hrtime] Extracted in (327.51ms)
✓ Compiled successfully in 15.1s
  Running TypeScript ...
Failed to compile.

./src/components/ui/ThemeProvider.tsx:4:41
Type error: Cannot find module 'next-themes/dist/types' or its corresponding type declarations.

[0m [90m 2 |[39m
 [90m 3 |[39m [36mimport[39m { [33mThemeProvider[39m [36mas[39m [33mNextThemesProvider[39m } [36mfrom[39m [32m"next-themes"[39m[33m;[39m
[31m[1m>[22m[39m[90m 4 |[39m [36mimport[39m { type [33mThemeProviderProps[39m } [36mfrom[39m [32m"next-themes/dist/types"[39m[33m;[39m
 [90m   |[39m                                         [31m[1m^[22m[39m
 [90m 5 |[39m
 [90m 6 |[39m [36mexport[39m [36mfunction[39m [33mThemeProvider[39m({ children[33m,[39m [33m...[39mprops }[33m:[39m [33mThemeProviderProps[39m) {
 [90m 7 |[39m     [36mreturn[39m [33m<[39m[33mNextThemesProvider[39m {[33m...[39mprops}[33m>[39m{children}[33m<[39m[33m/[39m[33mNextThemesProvider[39m[33m>[39m[33m;[39m[0m
Next.js build worker exited with code: 1 and signal: null
