
> the-mobb.com@0.1.0 build
> panda codegen && next build

🐼 warn [config] ⚠️ Invalid config:
- [tokens] Missing token: `colors.brand.greyLight` used in `theme.semanticTokens.colors.text.muted`

✔️ `styled-system/css`: the css function to author styles
✔️ `styled-system/tokens`: the css variables and js function to query your tokens
✔️ `styled-system/patterns`: functions to implement and apply common layout patterns
✔️ `styled-system/jsx`: styled jsx elements for react


▲ Next.js 16.1.6 (Turbopack)
- Environments: .env.local

  Creating an optimized production build ...
🐼 warn [config] ⚠️ Invalid config:
- [tokens] Missing token: `colors.brand.greyLight` used in `theme.semanticTokens.colors.text.muted`

🐼 info [hrtime] Extracted in (243.11ms)
✓ Compiled successfully in 12.0s
  Running TypeScript ...
Failed to compile.

./src/components/ui/v3/ActivePulsePanel.tsx:181:22
Type error: Property 'category' does not exist on type 'Listing'.

[0m [90m 179 |[39m             })}
 [90m 180 |[39m           [33m>[39m
[31m[1m>[22m[39m[90m 181 |[39m             {listing[33m.[39mcategory[33m?[39m[33m.[39mreplace([35m/_/g[39m[33m,[39m [32m" "[39m) [33m||[39m [32m"Enterprise"[39m}
 [90m     |[39m                      [31m[1m^[22m[39m
 [90m 182 |[39m           [33m<[39m[33m/[39m[33mp[39m[33m>[39m
 [90m 183 |[39m
 [90m 184 |[39m           [33m<[39m[33mdiv[39m[0m
Next.js build worker exited with code: 1 and signal: null
