
> the-mobb.com@0.1.0 build
> panda codegen && next build

🐼 warn [config] ⚠️ Invalid config:
- [tokens] Missing token: `colors.brand.greyLight` used in `theme.semanticTokens.colors.text.muted`

✔️ `styled-system/css`: the css function to author styles
✔️ `styled-system/tokens`: the css variables and js function to query your tokens
✔️ `styled-system/patterns`: functions to implement and apply common layout patterns
✔️ `styled-system/jsx`: styled jsx elements for react


▲ Next.js 16.1.6 (Turbopack)
- Environments: .env.local

  Creating an optimized production build ...
🐼 warn [config] ⚠️ Invalid config:
- [tokens] Missing token: `colors.brand.greyLight` used in `theme.semanticTokens.colors.text.muted`

🐼 info [hrtime] Extracted in (236.94ms)
✓ Compiled successfully in 13.3s
  Running TypeScript ...
Failed to compile.

./src/components/Map/AddListingDrawer.tsx:127:7
Type error: Object literal may only specify known properties, and 'includedPrimaryTypes' does not exist in type 'PlaceAutocompleteElementOptions'.

[0m [90m 125 |[39m     [90m// @ts-ignore[39m
 [90m 126 |[39m     [36mconst[39m element [33m=[39m [36mnew[39m window[33m.[39mgoogle[33m.[39mmaps[33m.[39mplaces[33m.[39m[33mPlaceAutocompleteElement[39m({
[31m[1m>[22m[39m[90m 127 |[39m       includedPrimaryTypes[33m:[39m [[32m"establishment"[39m][33m,[39m
 [90m     |[39m       [31m[1m^[22m[39m
 [90m 128 |[39m     })[33m;[39m
 [90m 129 |[39m
 [90m 130 |[39m     element[33m.[39msetAttribute([0m
Next.js build worker exited with code: 1 and signal: null
