
> the-mobb.com@0.1.0 build
> panda codegen && next build

🐼 warn [config] ⚠️ Invalid config:
- [tokens] Missing token: `colors.brand.greyLight` used in `theme.semanticTokens.colors.text.muted`

✔️ `styled-system/css`: the css function to author styles
✔️ `styled-system/tokens`: the css variables and js function to query your tokens
✔️ `styled-system/patterns`: functions to implement and apply common layout patterns
✔️ `styled-system/jsx`: styled jsx elements for react


▲ Next.js 16.1.6 (Turbopack)
- Environments: .env.local

  Creating an optimized production build ...
🐼 warn [config] ⚠️ Invalid config:
- [tokens] Missing token: `colors.brand.greyLight` used in `theme.semanticTokens.colors.text.muted`

🐼 info [hrtime] Extracted in (298.42ms)
✓ Compiled successfully in 12.4s
  Running TypeScript ...
Failed to compile.

./src/components/ui/v3/ListingDetailPanel3D.tsx:68:34
Type error: Type '{ url: string; }' is not assignable to type 'string | Blob | undefined'.

[0m [90m 66 |[39m                     [33m<[39m[33ma[39m href[33m=[39m{url} title[33m=[39m[32m"Listing Image"[39m rel[33m=[39m[32m"noopener noreferrer"[39m target[33m=[39m[32m"_blank"[39m className[33m=[39m{css({ display[33m:[39m [32m"block"[39m[33m,[39m w[33m:[39m [32m"full"[39m[33m,[39m h[33m:[39m [32m"full"[39m })}[33m>[39m
 [90m 67 |[39m                         {image [33m?[39m (
[31m[1m>[22m[39m[90m 68 |[39m                             [33m<[39m[33mimg[39m src[33m=[39m{image} alt[33m=[39m{name} className[33m=[39m{css({ w[33m:[39m [32m"full"[39m[33m,[39m h[33m:[39m [32m"full"[39m[33m,[39m objectFit[33m:[39m [32m"cover"[39m[33m,[39m opacity[33m:[39m [35m0.8[39m[33m,[39m filter[33m:[39m [32m"contrast(1.1) saturate(1.2)"[39m })} [33m/[39m[33m>[39m
 [90m    |[39m                                  [31m[1m^[22m[39m
 [90m 69 |[39m                         ) [33m:[39m (
 [90m 70 |[39m                             [33m<[39m[33mdiv[39m className[33m=[39m{css({ w[33m:[39m [32m"full"[39m[33m,[39m h[33m:[39m [32m"full"[39m[33m,[39m display[33m:[39m [32m"flex"[39m[33m,[39m alignItems[33m:[39m [32m"center"[39m[33m,[39m justifyContent[33m:[39m [32m"center"[39m })}[33m>[39m
 [90m 71 |[39m                                 [33m<[39m[33mi[39m className[33m=[39m[32m"ph-duotone ph-image text-6xl text-gray-600"[39m[33m>[39m[33m<[39m[33m/[39m[33mi[39m[33m>[39m[0m
Next.js build worker exited with code: 1 and signal: null
