
> the-mobb.com@0.1.0 build
> panda codegen && next build

🐼 warn [config] ⚠️ Invalid config:
- [tokens] Missing token: `colors.brand.greyLight` used in `theme.semanticTokens.colors.text.muted`

✔️ `styled-system/css`: the css function to author styles
✔️ `styled-system/tokens`: the css variables and js function to query your tokens
✔️ `styled-system/patterns`: functions to implement and apply common layout patterns
✔️ `styled-system/jsx`: styled jsx elements for react


▲ Next.js 16.1.6 (Turbopack)
- Environments: .env.local

  Creating an optimized production build ...
🐼 warn [config] ⚠️ Invalid config:
- [tokens] Missing token: `colors.brand.greyLight` used in `theme.semanticTokens.colors.text.muted`

🐼 info [hrtime] Extracted in (453.31ms)
✓ Compiled successfully in 15.1s
  Running TypeScript ...
Failed to compile.

./src/components/ui/v3/ActivePulsePanel.tsx:91:15
Type error: Type '{ url: string; }' is not assignable to type 'string | Blob | undefined'.

[0m [90m 89 |[39m           {listing[33m.[39mimage [33m?[39m (
 [90m 90 |[39m             [33m<[39m[33mimg[39m
[31m[1m>[22m[39m[90m 91 |[39m               src[33m=[39m{listing[33m.[39mimage}
 [90m    |[39m               [31m[1m^[22m[39m
 [90m 92 |[39m               className[33m=[39m{css({
 [90m 93 |[39m                 w[33m:[39m [32m"full"[39m[33m,[39m
 [90m 94 |[39m                 h[33m:[39m [32m"full"[39m[33m,[39m[0m
Next.js build worker exited with code: 1 and signal: null
