
> the-mobb.com@0.1.0 build
> panda codegen && next build

🐼 warn [config] ⚠️ Invalid config:
- [tokens] Missing token: `colors.brand.greyLight` used in `theme.semanticTokens.colors.text.muted`

✔️ `styled-system/css`: the css function to author styles
✔️ `styled-system/tokens`: the css variables and js function to query your tokens
✔️ `styled-system/patterns`: functions to implement and apply common layout patterns
✔️ `styled-system/jsx`: styled jsx elements for react


▲ Next.js 16.1.6 (Turbopack)
- Environments: .env.local

  Creating an optimized production build ...
🐼 warn [config] ⚠️ Invalid config:
- [tokens] Missing token: `colors.brand.greyLight` used in `theme.semanticTokens.colors.text.muted`

🐼 info [hrtime] Extracted in (284.55ms)
✓ Compiled successfully in 15.7s
  Running TypeScript ...
  Collecting page data using 7 workers ...
  Generating static pages using 7 workers (0/6) ...
  Generating static pages using 7 workers (1/6) 
  Generating static pages using 7 workers (2/6) 
  Generating static pages using 7 workers (4/6) 
✓ Generating static pages using 7 workers (6/6) in 912.5ms
  Finalizing page optimization ...

Route (app)
┌ ○ /
├ ○ /_not-found
├ ○ /admin/reviews
├ ƒ /api/cron/scout
├ ƒ /api/hello
└ ○ /tech-stack


○  (Static)   prerendered as static content
ƒ  (Dynamic)  server-rendered on demand

