
> the-mobb.com@0.1.0 build
> panda codegen && next build

🐼 warn [config] ⚠️ Invalid config:
- [tokens] Missing token: `colors.brand.greyLight` used in `theme.semanticTokens.colors.text.muted`

✔️ `styled-system/css`: the css function to author styles
✔️ `styled-system/tokens`: the css variables and js function to query your tokens
✔️ `styled-system/patterns`: functions to implement and apply common layout patterns
✔️ `styled-system/jsx`: styled jsx elements for react


▲ Next.js 16.1.6 (Turbopack)
- Environments: .env.local

  Creating an optimized production build ...
🐼 warn [config] ⚠️ Invalid config:
- [tokens] Missing token: `colors.brand.greyLight` used in `theme.semanticTokens.colors.text.muted`

🐼 info [hrtime] Extracted in (298.34ms)
✓ Compiled successfully in 14.6s
  Running TypeScript ...
Failed to compile.

./src/components/Map/MapAutoComplete.tsx:89:74
Type error: No overload matches this call.
  The last overload gave the following error.
    Object literal may only specify known properties, and 'group' does not exist in type 'SystemStyleObject'.

[0m [90m 87 |[39m
 [90m 88 |[39m   [36mreturn[39m (
[31m[1m>[22m[39m[90m 89 |[39m     [33m<[39m[33mdiv[39m className[33m=[39m{css({ position[33m:[39m [32m"relative"[39m[33m,[39m w[33m:[39m [32m"full"[39m[33m,[39m zIndex[33m:[39m [35m1200[39m[33m,[39m group[33m:[39m [32m"true"[39m })}[33m>[39m
 [90m    |[39m                                                                          [31m[1m^[22m[39m
 [90m 90 |[39m       [33m<[39m[33mdiv[39m className[33m=[39m{css({
 [90m 91 |[39m         position[33m:[39m [32m"absolute"[39m[33m,[39m inset[33m:[39m [35m0[39m[33m,[39m bg[33m:[39m [32m"brand.orange/20"[39m[33m,[39m borderRadius[33m:[39m [32m"2xl"[39m[33m,[39m
 [90m 92 |[39m         filter[33m:[39m [32m"blur(8px)"[39m[33m,[39m opacity[33m:[39m [35m0[39m[33m,[39m _groupHover[33m:[39m { opacity[33m:[39m [35m1[39m }[33m,[39m transition[33m:[39m [32m"opacity 0.5s"[39m[0m
Next.js build worker exited with code: 1 and signal: null
